\BOOKMARK [0][-]{chapter.1}{\376\377\000D\000a\000t\000o\000s\000\040\000g\000e\000n\000e\000r\000a\000l\000e\000s\000\040\000d\000e\000\040\000l\000a\000s\000\040\000p\000r\000\341\000c\000t\000i\000c\000a\000s}{}% 1
\BOOKMARK [1][-]{section.1.1}{\376\377\000D\000e\000s\000c\000r\000i\000p\000c\000i\000\363\000n\000\040\000d\000e\000\040\000l\000a\000\040\000I\000n\000s\000t\000i\000t\000u\000c\000i\000\363\000n\000\040\000p\000\372\000b\000l\000i\000c\000a\000/\000e\000m\000p\000r\000e\000s\000a\000\040\000p\000\372\000b\000l\000i\000c\000a}{chapter.1}% 2
\BOOKMARK [2][-]{subsection.1.1.1}{\376\377\000B\000r\000e\000v\000e\000\040\000h\000i\000s\000t\000o\000r\000i\000a\000\040\000d\000e\000\040\000l\000a\000\040\000I\000n\000s\000t\000i\000t\000u\000c\000i\000\363\000n\000\040\000p\000\372\000b\000l\000i\000c\000a\000/\000e\000m\000p\000r\000e\000s\000a\000\040\000p\000\372\000b\000l\000i\000c\000a}{section.1.1}% 3
\BOOKMARK [2][-]{subsection.1.1.2}{\376\377\000U\000b\000i\000c\000a\000c\000i\000\363\000n\000,\000\040\000s\000e\000c\000t\000o\000r\000\040\000y\000\040\000a\000c\000t\000i\000v\000i\000d\000a\000d\000e\000s\000\040\000q\000u\000e\000\040\000r\000e\000a\000l\000i\000z\000a\000\040\000l\000a\000\040\000I\000n\000s\000t\000i\000t\000u\000c\000i\000\363\000n\000\040\000p\000\372\000b\000l\000i\000c\000a\000/\000e\000m\000p\000r\000e\000s\000a\000\040\000p\000\372\000b\000l\000i\000c\000a}{section.1.1}% 4
\BOOKMARK [2][-]{subsection.1.1.3}{\376\377\000D\000e\000p\000a\000r\000t\000a\000m\000e\000n\000t\000o\000\040\000y\000\040\000l\000u\000g\000a\000r\000\040\000d\000e\000\040\000r\000e\000a\000l\000i\000z\000a\000c\000i\000\363\000n\000\040\000d\000e\000\040\000l\000a\000s\000\040\000p\000r\000\341\000c\000t\000i\000c\000a\000s}{section.1.1}% 5
\BOOKMARK [2][-]{subsection.1.1.4}{\376\377\000D\000a\000t\000o\000s\000\040\000d\000e\000\040\000i\000n\000t\000e\000r\000\351\000s\000\040\000d\000e\000\040\000l\000a\000\040\000I\000n\000s\000t\000i\000t\000u\000c\000i\000\363\000n\000\040\000p\000\372\000b\000l\000i\000c\000a\000/\000e\000m\000p\000r\000e\000s\000a\000\040\000p\000\372\000b\000l\000i\000c\000a}{section.1.1}% 6
\BOOKMARK [0][-]{chapter.2}{\376\377\000M\000e\000m\000o\000r\000i\000a\000\040\000d\000e\000\040\000A\000c\000t\000i\000v\000i\000d\000a\000d\000e\000s}{}% 7
\BOOKMARK [1][-]{section.2.1}{\376\377\000O\000b\000j\000e\000t\000i\000v\000o\000s\000\040\000p\000r\000o\000p\000u\000e\000s\000t\000o\000s}{chapter.2}% 8
\BOOKMARK [1][-]{section.2.2}{\376\377\000P\000l\000a\000n\000i\000f\000i\000c\000a\000c\000i\000\363\000n\000\040\000d\000e\000\040\000l\000a\000s\000\040\000p\000r\000\341\000c\000t\000i\000c\000a\000s}{chapter.2}% 9
\BOOKMARK [1][-]{section.2.3}{\376\377\000D\000e\000s\000c\000r\000i\000p\000c\000i\000\363\000n\000\040\000d\000e\000t\000a\000l\000l\000a\000d\000a\000\040\000d\000e\000\040\000l\000a\000s\000\040\000a\000c\000t\000i\000v\000i\000d\000a\000d\000e\000s\000\040\000d\000e\000s\000a\000r\000r\000o\000l\000l\000a\000d\000a\000s}{chapter.2}% 10
\BOOKMARK [1][-]{section.2.4}{\376\377\000C\000a\000l\000e\000n\000d\000a\000r\000i\000o\000\040\000d\000e\000\040\000l\000a\000s\000\040\000p\000r\000\341\000c\000t\000i\000c\000a\000s\000\040\000y\000\040\000l\000u\000g\000a\000r\000/\000e\000s\000\040\000d\000e\000\040\000r\000e\000a\000l\000i\000z\000a\000c\000i\000\363\000n}{chapter.2}% 11
\BOOKMARK [0][-]{chapter.3}{\376\377\000R\000e\000l\000a\000c\000i\000\363\000n\000\040\000c\000o\000n\000\040\000l\000a\000\040\000t\000i\000t\000u\000l\000a\000c\000i\000\363\000n}{}% 12
\BOOKMARK [1][-]{section.3.1}{\376\377\000C\000o\000m\000p\000e\000t\000e\000n\000c\000i\000a\000s\000\040\000g\000e\000n\000e\000r\000a\000l\000e\000s\000\040\000y\000\040\000h\000a\000b\000i\000l\000i\000d\000a\000d\000e\000s}{chapter.3}% 13
\BOOKMARK [1][-]{section.3.2}{\376\377\000C\000o\000m\000p\000e\000t\000e\000n\000c\000i\000a\000s\000\040\000e\000s\000p\000e\000c\000\355\000f\000i\000c\000a\000s}{chapter.3}% 14
\BOOKMARK [0][-]{chapter.4}{\376\377\000C\000o\000n\000c\000l\000u\000s\000i\000o\000n\000e\000s}{}% 15
\BOOKMARK [1][-]{section.4.1}{\376\377\000V\000a\000l\000o\000r\000a\000c\000i\000\363\000n\000\040\000p\000e\000r\000s\000o\000n\000a\000l}{chapter.4}% 16
\BOOKMARK [1][-]{section.4.2}{\376\377\000U\000t\000i\000l\000i\000d\000a\000d\000\040\000c\000o\000m\000o\000\040\000c\000o\000m\000p\000l\000e\000m\000e\000n\000t\000o\000\040\000a\000\040\000l\000a\000\040\000f\000o\000r\000m\000a\000c\000i\000\363\000n\000\040\000u\000n\000i\000v\000e\000r\000s\000i\000t\000a\000r\000i\000a}{chapter.4}% 17
\BOOKMARK [1][-]{section.4.3}{\376\377\000U\000t\000i\000l\000i\000d\000a\000d\000\040\000p\000a\000r\000a\000\040\000l\000a\000\040\000f\000u\000t\000u\000r\000a\000\040\000i\000n\000s\000e\000r\000c\000i\000\363\000n\000\040\000l\000a\000b\000o\000r\000a\000l}{chapter.4}% 18
\BOOKMARK [1][-]{section.4.4}{\376\377\000S\000u\000g\000e\000r\000e\000n\000c\000i\000a\000s\000\040\000d\000e\000\040\000m\000e\000j\000o\000r\000a}{chapter.4}% 19
\BOOKMARK [0][-]{chapter*.1}{\376\377\000B\000i\000b\000l\000i\000o\000g\000r\000a\000f\000\355\000a}{}% 20
